// Jest Snapshot v1, https://goo.gl/fbAQLP

exports[`pruebas en el componente <firstApp> debe hacer un match con el snapshot 1`] = `
<div>
  <h1>
    Hola Fernando
  </h1>
  <p>
    No hay subtitulo
  </p>
  <p>
     
    Fernando Ruiz
     
  </p>
  <h2>
    Funcion de suma
  </h2>
  <h2>
     
    0
     
  </h2>
  <button>
     
    Sumar
     
  </button>
  <button>
     
    Restar
     
  </button>
  <button>
     
    Limpiar
     
  </button>
</div>
`;
